---
source: tests/snapshots.rs
assertion_line: 86
expression: stdout
---
 file                                                          kind                      tier   tokens  loads  billed  attributed_cost 
 ~/claude-home/CLAUDE.md                                       global                    1h+5m      36      3     108                — 
 ~/claude-home/rules/test-rule.md                              rule                      1h+5m      10      3      30                — 
 ~/claude-home/agents/test-agent.md                            agent                     —          15      0       0          $0.0000 
 ~/claude-home/plugins/cache/test-marketplace/test-plugin/un…  plugin:test-plugin:skill  —          11      0       0          $0.0000 
 ~/claude-home/skills/test-skill/SKILL.md                      skill                     —          12      0       0          $0.0000 
coverage: 1h: 18.4% (92 / 500 1h-tokens) | 5m: 92.0% (46 / 50 5m-tokens)
