---
source: tests/snapshots.rs
assertion_line: 58
expression: stdout
---
 datetime          role       tokens     cost  cumulative  cum_cost  content           
 2026-04-01 10:00  user        0.04k  $0.0006       0.04k   $0.0006  /list-files src/  
 2026-04-01 10:00  assistant   0.08k  $0.0060       0.12k   $0.0066  Listing files now
