---
source: tests/snapshots.rs
assertion_line: 38
expression: stdout
---
 datetime          project  title                                                                             tokens     cost  id                                   
 2026-04-01 10:00  snap     /list-files src/                                                                   0.12k  $0.0066  aaaa0001-0001-0001-0001-000000000001 
 2026-04-05 10:00  snap     How do I configure neovim folds?                                                   0.06k  $0.0038  bbbb0002-0002-0002-0002-000000000002 
 2026-04-10 10:00  snap     This is a deliberately long single-line prompt designed to exceed eighty charac…   0.08k  $0.0048  cccc0003-0003-0003-0003-000000000003 
 2026-04-15 10:00  snap     First question to set up the orphan                                                0.06k  $0.0032  dddd0004-0004-0004-0004-000000000004 
 2026-04-25 10:00  snap     Review auth and session changes                                                    0.54k  $0.0294  eeee0005-0005-0005-0005-000000000005
